â”€â”€